
[1m[30m[46m RUN [49m[39m[22m [36mv4.1.11 [39m[90mc:/Users/Freddy/Documents/IA+robotica/mcp-advanced-starter-main[39m


[31m⎯⎯⎯⎯⎯⎯[39m[1m[41m Failed Suites 1 [49m[22m[31m⎯⎯⎯⎯⎯⎯⎯[39m

[41m[1m FAIL [22m[49m tests/server/store.test.ts[2m [ tests/server/store.test.ts ][22m
[31m[1mTypeError[22m: Cannot read properties of undefined (reading 'config')[39m
[90m [2m❯[22m tests/server/store.test.ts:[2m4:1[22m[39m

[31m[2m⎯⎯⎯⎯⎯⎯⎯⎯⎯⎯⎯⎯⎯⎯⎯⎯⎯⎯⎯⎯⎯⎯⎯⎯[1/1]⎯[22m[39m


[2m Test Files [22m [1m[31m1 failed[39m[22m[90m (1)[39m
[2m      Tests [22m [2mno tests[22m
[2m   Start at [22m 00:40:07
[2m   Duration [22m 444ms[2m (transform 49ms, setup 0ms, import 0ms, tests 0ms, environment 0ms)[22m

